14:20:14 **** Incremental Build of configuration Debug for project gpioDriver ****
make -j12 all 
arm-none-eabi-size   gpioDriver.elf 
   text	   data	    bss	    dec	    hex	filename
   1892	      8	   1568	   3468	    d8c	gpioDriver.elf
Finished building: default.size.stdout
 
14:20:35 **** Incremental Build of configuration Debug for project gpioDriver ****
make -j12 all 
arm-none-eabi-size   gpioDriver.elf 
   text	   data	    bss	    dec	    hex	filename
   1892	      8	   1568	   3468	    d8c	gpioDriver.elf
Finished building: default.size.stdout
 
14:42:55 **** Incremental Build of configuration Debug for project gpioDriver ****
make -j12 all 
arm-none-eabi-size   gpioDriver.elf 
   text	   data	    bss	    dec	    hex	filename
   1892	      8	   1568	   3468	    d8c	gpioDriver.elf
Finished building: default.size.stdout
 
14:52:19 **** Incremental Build of configuration Debug for project gpioDriver ****
make -j12 all 
arm-none-eabi-size   gpioDriver.elf 
   text	   data	    bss	    dec	    hex	filename
   1892	      8	   1568	   3468	    d8c	gpioDriver.elf
Finished building: default.size.stdout
 
14:57:31 **** Incremental Build of configuration Debug for project gpioDriver ****
make -j12 all 
arm-none-eabi-gcc "../Src/buttonInterrupt.c" -mcpu=cortex-m0 -std=gnu11 -g3 -DDEBUG -DSTM32 -DSTM32F0 -DSTM32F072RBTx -c -I../Inc -I"E:/Ajitem Kudtarkar/STM32/Ajitem_Projects/STM32_Projects/STM32F072RBT6/gpioDriver/Drivers/driver_INC" -O0 -ffunction-sections -fdata-sections -Wall -fstack-usage -MMD -MP -MF"Src/buttonInterrupt.d" -MT"Src/buttonInterrupt.o" --specs=nano.specs -mfloat-abi=soft -mthumb -o "Src/buttonInterrupt.o"
arm-none-eabi-gcc "../Drivers/driver_SRC/stm32f072rbt6_GPIO_Driver.c" -mcpu=cortex-m0 -std=gnu11 -g3 -DDEBUG -DSTM32 -DSTM32F0 -DSTM32F072RBTx -c -I../Inc -I"E:/Ajitem Kudtarkar/STM32/Ajitem_Projects/STM32_Projects/STM32F072RBT6/gpioDriver/Drivers/driver_INC" -O0 -ffunction-sections -fdata-sections -Wall -fstack-usage -MMD -MP -MF"Drivers/driver_SRC/stm32f072rbt6_GPIO_Driver.d" -MT"Drivers/driver_SRC/stm32f072rbt6_GPIO_Driver.o" --specs=nano.specs -mfloat-abi=soft -mthumb -o "Drivers/driver_SRC/stm32f072rbt6_GPIO_Driver.o"
arm-none-eabi-gcc -o "gpioDriver.elf" @"objects.list"   -mcpu=cortex-m0 -T"E:\Ajitem Kudtarkar\STM32\Ajitem_Projects\STM32_Projects\STM32F072RBT6\gpioDriver\STM32F072RBTX_FLASH.ld" --specs=nosys.specs -Wl,-Map="gpioDriver.map" -Wl,--gc-sections -static --specs=nano.specs -mfloat-abi=soft -mthumb -Wl,--start-group -lc -lm -Wl,--end-group
Finished building target: gpioDriver.elf
 
arm-none-eabi-size   gpioDriver.elf 
arm-none-eabi-objdump -h -S  gpioDriver.elf  > "gpioDriver.list"
   text	   data	    bss	    dec	    hex	filename
   1880	      8	   1568	   3456	    d80	gpioDriver.elf
Finished building: default.size.stdout
 
Finished building: gpioDriver.list
 
15:01:53 **** Incremental Build of configuration Debug for project gpioDriver ****
make -j12 all 
arm-none-eabi-gcc "../Drivers/driver_SRC/stm32f072rbt6_GPIO_Driver.c" -mcpu=cortex-m0 -std=gnu11 -g3 -DDEBUG -DSTM32 -DSTM32F0 -DSTM32F072RBTx -c -I../Inc -I"E:/Ajitem Kudtarkar/STM32/Ajitem_Projects/STM32_Projects/STM32F072RBT6/gpioDriver/Drivers/driver_INC" -O0 -ffunction-sections -fdata-sections -Wall -fstack-usage -MMD -MP -MF"Drivers/driver_SRC/stm32f072rbt6_GPIO_Driver.d" -MT"Drivers/driver_SRC/stm32f072rbt6_GPIO_Driver.o" --specs=nano.specs -mfloat-abi=soft -mthumb -o "Drivers/driver_SRC/stm32f072rbt6_GPIO_Driver.o"
arm-none-eabi-gcc -o "gpioDriver.elf" @"objects.list"   -mcpu=cortex-m0 -T"E:\Ajitem Kudtarkar\STM32\Ajitem_Projects\STM32_Projects\STM32F072RBT6\gpioDriver\STM32F072RBTX_FLASH.ld" --specs=nosys.specs -Wl,-Map="gpioDriver.map" -Wl,--gc-sections -static --specs=nano.specs -mfloat-abi=soft -mthumb -Wl,--start-group -lc -lm -Wl,--end-group
Finished building target: gpioDriver.elf
 
arm-none-eabi-size   gpioDriver.elf 
arm-none-eabi-objdump -h -S  gpioDriver.elf  > "gpioDriver.list"
   text	   data	    bss	    dec	    hex	filename
   1880	      8	   1568	   3456	    d80	gpioDriver.elf
Finished building: default.size.stdout
 
Finished building: gpioDriver.list
 
15:04:50 **** Incremental Build of configuration Debug for project gpioDriver ****
make -j12 all 
arm-none-eabi-size   gpioDriver.elf 
   text	   data	    bss	    dec	    hex	filename
   1880	      8	   1568	   3456	    d80	gpioDriver.elf
Finished building: default.size.stdout
 
15:06:03 **** Incremental Build of configuration Debug for project gpioDriver ****
make -j12 all 
arm-none-eabi-gcc "../Src/buttonInterrupt.c" -mcpu=cortex-m0 -std=gnu11 -g3 -DDEBUG -DSTM32 -DSTM32F0 -DSTM32F072RBTx -c -I../Inc -I"E:/Ajitem Kudtarkar/STM32/Ajitem_Projects/STM32_Projects/STM32F072RBT6/gpioDriver/Drivers/driver_INC" -O0 -ffunction-sections -fdata-sections -Wall -fstack-usage -MMD -MP -MF"Src/buttonInterrupt.d" -MT"Src/buttonInterrupt.o" --specs=nano.specs -mfloat-abi=soft -mthumb -o "Src/buttonInterrupt.o"
arm-none-eabi-gcc -o "gpioDriver.elf" @"objects.list"   -mcpu=cortex-m0 -T"E:\Ajitem Kudtarkar\STM32\Ajitem_Projects\STM32_Projects\STM32F072RBT6\gpioDriver\STM32F072RBTX_FLASH.ld" --specs=nosys.specs -Wl,-Map="gpioDriver.map" -Wl,--gc-sections -static --specs=nano.specs -mfloat-abi=soft -mthumb -Wl,--start-group -lc -lm -Wl,--end-group
Finished building target: gpioDriver.elf
 
arm-none-eabi-size   gpioDriver.elf 
arm-none-eabi-objdump -h -S  gpioDriver.elf  > "gpioDriver.list"
   text	   data	    bss	    dec	    hex	filename
   1876	      8	   1568	   3452	    d7c	gpioDriver.elf
Finished building: default.size.stdout
 
Finished building: gpioDriver.list
 
15:24:51 **** Clean-only build of configuration Debug for project gpioDriver ****
make -j12 clean 
rm -rf ./Startup/startup_stm32f072rbtx.d ./Startup/startup_stm32f072rbtx.o
rm -rf ./Src/buttonInterrupt.d ./Src/buttonInterrupt.o ./Src/buttonInterrupt.su ./Src/syscalls.d ./Src/syscalls.o ./Src/syscalls.su ./Src/sysmem.d ./Src/sysmem.o ./Src/sysmem.su
rm -rf ./Drivers/driver_SRC/stm32f072rbt6_GPIO_Driver.d ./Drivers/driver_SRC/stm32f072rbt6_GPIO_Driver.o ./Drivers/driver_SRC/stm32f072rbt6_GPIO_Driver.su
rm -rf default.size.stdout gpioDriver.elf gpioDriver.list gpioDriver.map
 
15:24:51 **** Incremental Build of configuration Debug for project gpioDriver ****
make -j12 all 
arm-none-eabi-gcc -mcpu=cortex-m0 -g3 -DDEBUG -c -x assembler-with-cpp -MMD -MP -MF"Startup/startup_stm32f072rbtx.d" -MT"Startup/startup_stm32f072rbtx.o" --specs=nano.specs -mfloat-abi=soft -mthumb -o "Startup/startup_stm32f072rbtx.o" "../Startup/startup_stm32f072rbtx.s"
arm-none-eabi-gcc "../Src/buttonInterrupt.c" -mcpu=cortex-m0 -std=gnu11 -g3 -DDEBUG -DSTM32 -DSTM32F0 -DSTM32F072RBTx -c -I../Inc -I"E:/Ajitem Kudtarkar/STM32/Ajitem_Projects/STM32_Projects/STM32F072RBT6/gpioDriver/Drivers/driver_INC" -O0 -ffunction-sections -fdata-sections -Wall -fstack-usage -MMD -MP -MF"Src/buttonInterrupt.d" -MT"Src/buttonInterrupt.o" --specs=nano.specs -mfloat-abi=soft -mthumb -o "Src/buttonInterrupt.o"
arm-none-eabi-gcc "../Src/syscalls.c" -mcpu=cortex-m0 -std=gnu11 -g3 -DDEBUG -DSTM32 -DSTM32F0 -DSTM32F072RBTx -c -I../Inc -I"E:/Ajitem Kudtarkar/STM32/Ajitem_Projects/STM32_Projects/STM32F072RBT6/gpioDriver/Drivers/driver_INC" -O0 -ffunction-sections -fdata-sections -Wall -fstack-usage -MMD -MP -MF"Src/syscalls.d" -MT"Src/syscalls.o" --specs=nano.specs -mfloat-abi=soft -mthumb -o "Src/syscalls.o"
arm-none-eabi-gcc "../Src/sysmem.c" -mcpu=cortex-m0 -std=gnu11 -g3 -DDEBUG -DSTM32 -DSTM32F0 -DSTM32F072RBTx -c -I../Inc -I"E:/Ajitem Kudtarkar/STM32/Ajitem_Projects/STM32_Projects/STM32F072RBT6/gpioDriver/Drivers/driver_INC" -O0 -ffunction-sections -fdata-sections -Wall -fstack-usage -MMD -MP -MF"Src/sysmem.d" -MT"Src/sysmem.o" --specs=nano.specs -mfloat-abi=soft -mthumb -o "Src/sysmem.o"
arm-none-eabi-gcc "../Drivers/driver_SRC/stm32f072rbt6_GPIO_Driver.c" -mcpu=cortex-m0 -std=gnu11 -g3 -DDEBUG -DSTM32 -DSTM32F0 -DSTM32F072RBTx -c -I../Inc -I"E:/Ajitem Kudtarkar/STM32/Ajitem_Projects/STM32_Projects/STM32F072RBT6/gpioDriver/Drivers/driver_INC" -O0 -ffunction-sections -fdata-sections -Wall -fstack-usage -MMD -MP -MF"Drivers/driver_SRC/stm32f072rbt6_GPIO_Driver.d" -MT"Drivers/driver_SRC/stm32f072rbt6_GPIO_Driver.o" --specs=nano.specs -mfloat-abi=soft -mthumb -o "Drivers/driver_SRC/stm32f072rbt6_GPIO_Driver.o"
arm-none-eabi-gcc -o "gpioDriver.elf" @"objects.list"   -mcpu=cortex-m0 -T"E:\Ajitem Kudtarkar\STM32\Ajitem_Projects\STM32_Projects\STM32F072RBT6\gpioDriver\STM32F072RBTX_FLASH.ld" --specs=nosys.specs -Wl,-Map="gpioDriver.map" -Wl,--gc-sections -static --specs=nano.specs -mfloat-abi=soft -mthumb -Wl,--start-group -lc -lm -Wl,--end-group
Finished building target: gpioDriver.elf
 
arm-none-eabi-size   gpioDriver.elf 
arm-none-eabi-objdump -h -S  gpioDriver.elf  > "gpioDriver.list"
   text	   data	    bss	    dec	    hex	filename
   1876	      8	   1568	   3452	    d7c	gpioDriver.elf
Finished building: default.size.stdout
 
Finished building: gpioDriver.list
 
15:27:17 **** Incremental Build of configuration Debug for project gpioDriver ****
make -j12 all 
arm-none-eabi-gcc "../Src/buttonInterrupt.c" -mcpu=cortex-m0 -std=gnu11 -g3 -DDEBUG -DSTM32 -DSTM32F0 -DSTM32F072RBTx -c -I../Inc -I"E:/Ajitem Kudtarkar/STM32/Ajitem_Projects/STM32_Projects/STM32F072RBT6/gpioDriver/Drivers/driver_INC" -O0 -ffunction-sections -fdata-sections -Wall -fstack-usage -MMD -MP -MF"Src/buttonInterrupt.d" -MT"Src/buttonInterrupt.o" --specs=nano.specs -mfloat-abi=soft -mthumb -o "Src/buttonInterrupt.o"
arm-none-eabi-gcc -o "gpioDriver.elf" @"objects.list"   -mcpu=cortex-m0 -T"E:\Ajitem Kudtarkar\STM32\Ajitem_Projects\STM32_Projects\STM32F072RBT6\gpioDriver\STM32F072RBTX_FLASH.ld" --specs=nosys.specs -Wl,-Map="gpioDriver.map" -Wl,--gc-sections -static --specs=nano.specs -mfloat-abi=soft -mthumb -Wl,--start-group -lc -lm -Wl,--end-group
Finished building target: gpioDriver.elf
 
arm-none-eabi-size   gpioDriver.elf 
arm-none-eabi-objdump -h -S  gpioDriver.elf  > "gpioDriver.list"
   text	   data	    bss	    dec	    hex	filename
   1880	      8	   1568	   3456	    d80	gpioDriver.elf
Finished building: default.size.stdout
 
Finished building: gpioDriver.list
 
15:29:34 **** Incremental Build of configuration Debug for project gpioDriver ****
make -j12 all 
arm-none-eabi-gcc "../Src/buttonInterrupt.c" -mcpu=cortex-m0 -std=gnu11 -g3 -DDEBUG -DSTM32 -DSTM32F0 -DSTM32F072RBTx -c -I../Inc -I"E:/Ajitem Kudtarkar/STM32/Ajitem_Projects/STM32_Projects/STM32F072RBT6/gpioDriver/Drivers/driver_INC" -O0 -ffunction-sections -fdata-sections -Wall -fstack-usage -MMD -MP -MF"Src/buttonInterrupt.d" -MT"Src/buttonInterrupt.o" --specs=nano.specs -mfloat-abi=soft -mthumb -o "Src/buttonInterrupt.o"
arm-none-eabi-gcc "../Drivers/driver_SRC/stm32f072rbt6_GPIO_Driver.c" -mcpu=cortex-m0 -std=gnu11 -g3 -DDEBUG -DSTM32 -DSTM32F0 -DSTM32F072RBTx -c -I../Inc -I"E:/Ajitem Kudtarkar/STM32/Ajitem_Projects/STM32_Projects/STM32F072RBT6/gpioDriver/Drivers/driver_INC" -O0 -ffunction-sections -fdata-sections -Wall -fstack-usage -MMD -MP -MF"Drivers/driver_SRC/stm32f072rbt6_GPIO_Driver.d" -MT"Drivers/driver_SRC/stm32f072rbt6_GPIO_Driver.o" --specs=nano.specs -mfloat-abi=soft -mthumb -o "Drivers/driver_SRC/stm32f072rbt6_GPIO_Driver.o"
arm-none-eabi-gcc -o "gpioDriver.elf" @"objects.list"   -mcpu=cortex-m0 -T"E:\Ajitem Kudtarkar\STM32\Ajitem_Projects\STM32_Projects\STM32F072RBT6\gpioDriver\STM32F072RBTX_FLASH.ld" --specs=nosys.specs -Wl,-Map="gpioDriver.map" -Wl,--gc-sections -static --specs=nano.specs -mfloat-abi=soft -mthumb -Wl,--start-group -lc -lm -Wl,--end-group
Finished building target: gpioDriver.elf
 
arm-none-eabi-size   gpioDriver.elf 
arm-none-eabi-objdump -h -S  gpioDriver.elf  > "gpioDriver.list"
   text	   data	    bss	    dec	    hex	filename
   1880	      8	   1568	   3456	    d80	gpioDriver.elf
Finished building: default.size.stdout
 
Finished building: gpioDriver.list
 
17:21:13 **** Clean-only build of configuration Debug for project gpioDriver ****
make -j12 clean 
rm -rf ./Startup/startup_stm32f072rbtx.d ./Startup/startup_stm32f072rbtx.o
rm -rf ./Src/buttonInterrupt.d ./Src/buttonInterrupt.o ./Src/buttonInterrupt.su ./Src/syscalls.d ./Src/syscalls.o ./Src/syscalls.su ./Src/sysmem.d ./Src/sysmem.o ./Src/sysmem.su
rm -rf ./Drivers/driver_SRC/stm32f072rbt6_GPIO_Driver.d ./Drivers/driver_SRC/stm32f072rbt6_GPIO_Driver.o ./Drivers/driver_SRC/stm32f072rbt6_GPIO_Driver.su
rm -rf default.size.stdout gpioDriver.elf gpioDriver.list gpioDriver.map
 
17:21:13 **** Incremental Build of configuration Debug for project gpioDriver ****
make -j12 all 
arm-none-eabi-gcc -mcpu=cortex-m0 -g3 -DDEBUG -c -x assembler-with-cpp -MMD -MP -MF"Startup/startup_stm32f072rbtx.d" -MT"Startup/startup_stm32f072rbtx.o" --specs=nano.specs -mfloat-abi=soft -mthumb -o "Startup/startup_stm32f072rbtx.o" "../Startup/startup_stm32f072rbtx.s"
arm-none-eabi-gcc "../Src/buttonInterrupt.c" -mcpu=cortex-m0 -std=gnu11 -g3 -DDEBUG -DSTM32 -DSTM32F0 -DSTM32F072RBTx -c -I../Inc -I"E:/Ajitem Kudtarkar/STM32/Ajitem_Projects/STM32_Projects/STM32F072RBT6/gpioDriver/Drivers/driver_INC" -O0 -ffunction-sections -fdata-sections -Wall -fstack-usage -MMD -MP -MF"Src/buttonInterrupt.d" -MT"Src/buttonInterrupt.o" --specs=nano.specs -mfloat-abi=soft -mthumb -o "Src/buttonInterrupt.o"
arm-none-eabi-gcc "../Src/syscalls.c" -mcpu=cortex-m0 -std=gnu11 -g3 -DDEBUG -DSTM32 -DSTM32F0 -DSTM32F072RBTx -c -I../Inc -I"E:/Ajitem Kudtarkar/STM32/Ajitem_Projects/STM32_Projects/STM32F072RBT6/gpioDriver/Drivers/driver_INC" -O0 -ffunction-sections -fdata-sections -Wall -fstack-usage -MMD -MP -MF"Src/syscalls.d" -MT"Src/syscalls.o" --specs=nano.specs -mfloat-abi=soft -mthumb -o "Src/syscalls.o"
arm-none-eabi-gcc "../Src/sysmem.c" -mcpu=cortex-m0 -std=gnu11 -g3 -DDEBUG -DSTM32 -DSTM32F0 -DSTM32F072RBTx -c -I../Inc -I"E:/Ajitem Kudtarkar/STM32/Ajitem_Projects/STM32_Projects/STM32F072RBT6/gpioDriver/Drivers/driver_INC" -O0 -ffunction-sections -fdata-sections -Wall -fstack-usage -MMD -MP -MF"Src/sysmem.d" -MT"Src/sysmem.o" --specs=nano.specs -mfloat-abi=soft -mthumb -o "Src/sysmem.o"
arm-none-eabi-gcc "../Drivers/driver_SRC/stm32f072rbt6_GPIO_Driver.c" -mcpu=cortex-m0 -std=gnu11 -g3 -DDEBUG -DSTM32 -DSTM32F0 -DSTM32F072RBTx -c -I../Inc -I"E:/Ajitem Kudtarkar/STM32/Ajitem_Projects/STM32_Projects/STM32F072RBT6/gpioDriver/Drivers/driver_INC" -O0 -ffunction-sections -fdata-sections -Wall -fstack-usage -MMD -MP -MF"Drivers/driver_SRC/stm32f072rbt6_GPIO_Driver.d" -MT"Drivers/driver_SRC/stm32f072rbt6_GPIO_Driver.o" --specs=nano.specs -mfloat-abi=soft -mthumb -o "Drivers/driver_SRC/stm32f072rbt6_GPIO_Driver.o"
../Src/buttonInterrupt.c:13:1: error: unknown type name 'uint32'; did you mean 'uint32_t'?
   13 | uint32 moc_cut=0;
      | ^~~~~~
      | uint32_t
make: *** [Src/subdir.mk:25: Src/buttonInterrupt.o] Error 1
make: *** Waiting for unfinished jobs....
"make -j12 all" terminated with exit code 2. Build might be incomplete.
17:21:25 **** Incremental Build of configuration Debug for project gpioDriver ****
make -j12 all 
arm-none-eabi-gcc "../Src/buttonInterrupt.c" -mcpu=cortex-m0 -std=gnu11 -g3 -DDEBUG -DSTM32 -DSTM32F0 -DSTM32F072RBTx -c -I../Inc -I"E:/Ajitem Kudtarkar/STM32/Ajitem_Projects/STM32_Projects/STM32F072RBT6/gpioDriver/Drivers/driver_INC" -O0 -ffunction-sections -fdata-sections -Wall -fstack-usage -MMD -MP -MF"Src/buttonInterrupt.d" -MT"Src/buttonInterrupt.o" --specs=nano.specs -mfloat-abi=soft -mthumb -o "Src/buttonInterrupt.o"
arm-none-eabi-gcc -o "gpioDriver.elf" @"objects.list"   -mcpu=cortex-m0 -T"E:\Ajitem Kudtarkar\STM32\Ajitem_Projects\STM32_Projects\STM32F072RBT6\gpioDriver\STM32F072RBTX_FLASH.ld" --specs=nosys.specs -Wl,-Map="gpioDriver.map" -Wl,--gc-sections -static --specs=nano.specs -mfloat-abi=soft -mthumb -Wl,--start-group -lc -lm -Wl,--end-group
Finished building target: gpioDriver.elf
 
arm-none-eabi-size   gpioDriver.elf 
arm-none-eabi-objdump -h -S  gpioDriver.elf  > "gpioDriver.list"
   text	   data	    bss	    dec	    hex	filename
   1908	      8	   1568	   3484	    d9c	gpioDriver.elf
Finished building: default.size.stdout
 
Finished building: gpioDriver.list
 
